// Jest Snapshot v1, https://goo.gl/fbAQLP

exports[`ListView Component renders 1`] = `
ShallowWrapper {
  "length": 1,
  Symbol(enzyme.__root__): [Circular],
  Symbol(enzyme.__unrendered__): <ListViewComponent
    classes={
      Object {
        "noTopPadding": "ListViewComponent-noTopPadding-1",
      }
    }
    url=""
  />,
  Symbol(enzyme.__renderer__): Object {
    "batchedUpdates": [Function],
    "getNode": [Function],
    "render": [Function],
    "simulateEvent": [Function],
    "unmount": [Function],
  },
  Symbol(enzyme.__node__): Object {
    "instance": null,
    "key": null,
    "nodeType": "class",
    "props": Object {
      "children": Array [
        <withStyles(ListItem)
          className="ListViewComponent-noTopPadding-1"
        >
          <TextField
            className="search"
            fullWidth={true}
            inputProps={
              Object {
                "autoFocus": true,
                "tabIndex": 0,
              }
            }
            label="popup_search_translated"
            margin="none"
            onChange={[Function]}
            required={false}
            select={false}
            type="search"
            value=""
          />
        </withStyles(ListItem)>,
        <Connect(Component)
          filter=""
        />,
        <Connect(Component)
          matcher="mockedMatcher"
          url=""
        />,
      ],
    },
    "ref": null,
    "rendered": Array [
      Object {
        "instance": null,
        "key": null,
        "nodeType": "class",
        "props": Object {
          "children": <TextField
            className="search"
            fullWidth={true}
            inputProps={
              Object {
                "autoFocus": true,
                "tabIndex": 0,
              }
            }
            label="popup_search_translated"
            margin="none"
            onChange={[Function]}
            required={false}
            select={false}
            type="search"
            value=""
          />,
          "className": "ListViewComponent-noTopPadding-1",
        },
        "ref": null,
        "rendered": Object {
          "instance": null,
          "key": null,
          "nodeType": "function",
          "props": Object {
            "className": "search",
            "fullWidth": true,
            "inputProps": Object {
              "autoFocus": true,
              "tabIndex": 0,
            },
            "label": "popup_search_translated",
            "margin": "none",
            "onChange": [Function],
            "required": false,
            "select": false,
            "type": "search",
            "value": "",
          },
          "ref": null,
          "rendered": null,
          "type": [Function],
        },
        "type": [Function],
      },
      Object {
        "instance": null,
        "key": null,
        "nodeType": "class",
        "props": Object {
          "filter": "",
        },
        "ref": null,
        "rendered": null,
        "type": [Function],
      },
      Object {
        "instance": null,
        "key": null,
        "nodeType": "class",
        "props": Object {
          "matcher": "mockedMatcher",
          "url": "",
        },
        "ref": null,
        "rendered": null,
        "type": [Function],
      },
    ],
    "type": [Function],
  },
  Symbol(enzyme.__nodes__): Array [
    Object {
      "instance": null,
      "key": null,
      "nodeType": "class",
      "props": Object {
        "children": Array [
          <withStyles(ListItem)
            className="ListViewComponent-noTopPadding-1"
          >
            <TextField
              className="search"
              fullWidth={true}
              inputProps={
                Object {
                  "autoFocus": true,
                  "tabIndex": 0,
                }
              }
              label="popup_search_translated"
              margin="none"
              onChange={[Function]}
              required={false}
              select={false}
              type="search"
              value=""
            />
          </withStyles(ListItem)>,
          <Connect(Component)
            filter=""
          />,
          <Connect(Component)
            matcher="mockedMatcher"
            url=""
          />,
        ],
      },
      "ref": null,
      "rendered": Array [
        Object {
          "instance": null,
          "key": null,
          "nodeType": "class",
          "props": Object {
            "children": <TextField
              className="search"
              fullWidth={true}
              inputProps={
                Object {
                  "autoFocus": true,
                  "tabIndex": 0,
                }
              }
              label="popup_search_translated"
              margin="none"
              onChange={[Function]}
              required={false}
              select={false}
              type="search"
              value=""
            />,
            "className": "ListViewComponent-noTopPadding-1",
          },
          "ref": null,
          "rendered": Object {
            "instance": null,
            "key": null,
            "nodeType": "function",
            "props": Object {
              "className": "search",
              "fullWidth": true,
              "inputProps": Object {
                "autoFocus": true,
                "tabIndex": 0,
              },
              "label": "popup_search_translated",
              "margin": "none",
              "onChange": [Function],
              "required": false,
              "select": false,
              "type": "search",
              "value": "",
            },
            "ref": null,
            "rendered": null,
            "type": [Function],
          },
          "type": [Function],
        },
        Object {
          "instance": null,
          "key": null,
          "nodeType": "class",
          "props": Object {
            "filter": "",
          },
          "ref": null,
          "rendered": null,
          "type": [Function],
        },
        Object {
          "instance": null,
          "key": null,
          "nodeType": "class",
          "props": Object {
            "matcher": "mockedMatcher",
            "url": "",
          },
          "ref": null,
          "rendered": null,
          "type": [Function],
        },
      ],
      "type": [Function],
    },
  ],
  Symbol(enzyme.__options__): Object {
    "adapter": ReactSixteenAdapter {
      "options": Object {
        "enableComponentDidUpdateOnSetState": true,
      },
    },
  },
}
`;
